// Jest Snapshot v1, https://goo.gl/fbAQLP

exports[`renders desert when completely empty 1`] = `
<div
  className="planner-empty-state"
>
  <DesertSvg
    aria-hidden="true"
    className="desert"
    height="220"
    viewBox="0 0 465 220"
    width="465"
    xmlns="http://www.w3.org/2000/svg"
  />
  <div>
    <Heading
      border="none"
      color="inherit"
      ellipsis={false}
      level="h2"
    >
      No Due Dates Assigned
    </Heading>
  </div>
  <div>
    <div>
      Looks like there isn't anything here
    </div>
    <Link
      as="button"
      ellipsis={false}
      iconPlacement="start"
      id="PlannerEmptyState_CardView"
      linkRef={[Function]}
      onClick={[Function]}
      variant="default"
    >
      Go to Card View Dashboard
    </Link>
     |
    <Button
      as="button"
      buttonRef={[Function]}
      cursor="pointer"
      fluidWidth={false}
      id="PlannerEmptyState_AddToDo"
      margin="0"
      onClick={[Function]}
      size="medium"
      type="button"
      variant="link"
    >
      Add To-Do
    </Button>
  </div>
</div>
`;
