// Jest Snapshot v1, https://goo.gl/fbAQLP

exports[`default proficiency renders the ProficiencyRating component 1`] = `
"<div style={{...}}>
  <Spinner title=\\"Loading\\" size=\\"large\\" margin=\\"0 0 0 medium\\" as=\\"div\\" variant=\\"default\\" />
</div>"
`;
