// Jest Snapshot v1, https://goo.gl/fbAQLP

exports[`renders the RubricManagement component 1`] = `
"<TabList defaultSelectedIndex={0} variant=\\"simple\\" focus={false}>
  <TabPanel title=\\"Account Rubrics\\" id={{...}} variant=\\"simple\\" labelledBy={{...}} selected={false} padding=\\"small\\" tabRef={[Function]}>
    <RubricPanel />
  </TabPanel>
  <TabPanel title=\\"Learning Mastery\\" id={{...}} variant=\\"simple\\" labelledBy={{...}} selected={false} padding=\\"small\\" tabRef={[Function]}>
    <ProficiencyTable focusTab={[Function]} accountId=\\"1\\" />
  </TabPanel>
</TabList>"
`;
