// Jest Snapshot v1, https://goo.gl/fbAQLP

exports[`renders a ScreenReaderContent by default 1`] = `
<ScreenReaderContent
  as="span"
>
  <Button
    as="button"
    buttonRef={[Function]}
    cursor="pointer"
    fluidWidth={false}
    margin="0"
    onBlur={[Function]}
    onFocus={[Function]}
    size="medium"
    type="button"
    variant="link"
  >
    Button
  </Button>
</ScreenReaderContent>
`;
